
===========================================================================
 report_power
============================================================================
======================= max_ff_n40C_1v95 Corner ===================================

Group                    Internal    Switching      Leakage        Total
                            Power        Power        Power        Power (Watts)
------------------------------------------------------------------------
Sequential           3.795895e-06 0.000000e+00 4.779093e-11 3.795942e-06  12.2%
Combinational        7.351206e-08 1.562879e-07 1.652789e-10 2.299652e-07   0.7%
Clock                2.330075e-05 3.688847e-06 3.207156e-10 2.698992e-05  87.0%
Macro                0.000000e+00 0.000000e+00 0.000000e+00 0.000000e+00   0.0%
Pad                  0.000000e+00 0.000000e+00 0.000000e+00 0.000000e+00   0.0%
------------------------------------------------------------------------
Total                2.717016e-05 3.845135e-06 5.337856e-10 3.101583e-05 100.0%
                            87.6%        12.4%         0.0%

