
===========================================================================
report_checks -unconstrained
===========================================================================
======================= nom_tt_025C_1v80 Corner ===================================

Startpoint: reset (input port clocked by clk)
Endpoint: _27_ (recovery check against rising-edge clock clk)
Path Group: asynchronous
Path Type: max

Fanout         Cap        Slew       Delay        Time   Description
---------------------------------------------------------------------------------------------
                                  0.000000    0.000000   clock clk (rise edge)
                                  0.000000    0.000000   clock network delay (propagated)
                                  5.000000    5.000000 v input external delay
     1    0.003570    0.010419    0.005745    5.005745 v reset (in)
                                                         reset (net)
                      0.010424    0.000000    5.005745 v input1/A (sky130_fd_sc_hd__dlymetal6s2s_1)
     3    0.016488    0.094416    0.173449    5.179194 v input1/X (sky130_fd_sc_hd__dlymetal6s2s_1)
                                                         net1 (net)
                      0.094418    0.000585    5.179780 v _24_/A (sky130_fd_sc_hd__inv_2)
     1    0.005568    0.041884    0.068853    5.248633 ^ _24_/Y (sky130_fd_sc_hd__inv_2)
                                                         _01_ (net)
                      0.041884    0.000187    5.248821 ^ _27_/RESET_B (sky130_fd_sc_hd__dfrtp_1)
                                              5.248821   data arrival time

                                 25.000000   25.000000   clock clk (rise edge)
                                  0.000000   25.000000   clock source latency
     1    0.010326    0.052883    0.035133   25.035131 ^ clk (in)
                                                         clk (net)
                      0.052885    0.000000   25.035131 ^ clkbuf_0_clk/A (sky130_fd_sc_hd__clkbuf_16)
     2    0.017913    0.040061    0.126128   25.161261 ^ clkbuf_0_clk/X (sky130_fd_sc_hd__clkbuf_16)
                                                         clknet_0_clk (net)
                      0.040072    0.000663   25.161922 ^ clkbuf_1_1__f_clk/A (sky130_fd_sc_hd__clkbuf_16)
     2    0.006390    0.030043    0.110392   25.272314 ^ clkbuf_1_1__f_clk/X (sky130_fd_sc_hd__clkbuf_16)
                                                         clknet_1_1__leaf_clk (net)
                      0.030043    0.000153   25.272467 ^ _27_/CLK (sky130_fd_sc_hd__dfrtp_1)
                                 -0.250000   25.022469   clock uncertainty
                                  0.000000   25.022469   clock reconvergence pessimism
                                  0.226555   25.249023   library recovery time
                                             25.249023   data required time
---------------------------------------------------------------------------------------------
                                             25.249023   data required time
                                             -5.248821   data arrival time
---------------------------------------------------------------------------------------------
                                             20.000202   slack (MET)


Startpoint: _28_ (rising edge-triggered flip-flop clocked by clk)
Endpoint: result[5] (output port clocked by clk)
Path Group: clk
Path Type: max

Fanout         Cap        Slew       Delay        Time   Description
---------------------------------------------------------------------------------------------
                                  0.000000    0.000000   clock clk (rise edge)
                                  0.000000    0.000000   clock source latency
     1    0.010326    0.052883    0.035132    0.035132 ^ clk (in)
                                                         clk (net)
                      0.052885    0.000000    0.035132 ^ clkbuf_0_clk/A (sky130_fd_sc_hd__clkbuf_16)
     2    0.017913    0.040061    0.126128    0.161261 ^ clkbuf_0_clk/X (sky130_fd_sc_hd__clkbuf_16)
                                                         clknet_0_clk (net)
                      0.040072    0.000619    0.161879 ^ clkbuf_1_0__f_clk/A (sky130_fd_sc_hd__clkbuf_16)
     2    0.005118    0.028874    0.108875    0.270754 ^ clkbuf_1_0__f_clk/X (sky130_fd_sc_hd__clkbuf_16)
                                                         clknet_1_0__leaf_clk (net)
                      0.028875    0.000103    0.270857 ^ _28_/CLK (sky130_fd_sc_hd__dfrtp_1)
     5    0.012055    0.079702    0.394015    0.664872 v _28_/Q (sky130_fd_sc_hd__dfrtp_1)
                                                         fsm.pstate[2] (net)
                      0.079702    0.000233    0.665105 v _10_/A_N (sky130_fd_sc_hd__nand2b_1)
     1    0.002615    0.046238    0.149575    0.814680 v _10_/Y (sky130_fd_sc_hd__nand2b_1)
                                                         _04_ (net)
                      0.046238    0.000057    0.814737 v _11_/A (sky130_fd_sc_hd__buf_1)
     3    0.007116    0.049418    0.108242    0.922979 v _11_/X (sky130_fd_sc_hd__buf_1)
                                                         net3 (net)
                      0.049418    0.000100    0.923080 v _12_/B (sky130_fd_sc_hd__or2_1)
     1    0.003149    0.049813    0.205378    1.128457 v _12_/X (sky130_fd_sc_hd__or2_1)
                                                         _05_ (net)
                      0.049813    0.000103    1.128561 v _13_/A (sky130_fd_sc_hd__clkbuf_1)
     3    0.007811    0.052721    0.112938    1.241499 v _13_/X (sky130_fd_sc_hd__clkbuf_1)
                                                         net2 (net)
                      0.052721    0.000167    1.241666 v _31_/A (sky130_fd_sc_hd__clkbuf_1)
     1    0.002647    0.025787    0.089928    1.331593 v _31_/X (sky130_fd_sc_hd__clkbuf_1)
                                                         net8 (net)
                      0.025787    0.000081    1.331674 v output8/A (sky130_fd_sc_hd__buf_2)
     1    0.034593    0.090391    0.172363    1.504037 v output8/X (sky130_fd_sc_hd__buf_2)
                                                         result[5] (net)
                      0.090396    0.000739    1.504776 v result[5] (out)
                                              1.504776   data arrival time

                                 25.000000   25.000000   clock clk (rise edge)
                                  0.000000   25.000000   clock network delay (propagated)
                                 -0.250000   24.750000   clock uncertainty
                                  0.000000   24.750000   clock reconvergence pessimism
                                 -5.000000   19.750000   output external delay
                                             19.750000   data required time
---------------------------------------------------------------------------------------------
                                             19.750000   data required time
                                             -1.504776   data arrival time
---------------------------------------------------------------------------------------------
                                             18.245224   slack (MET)




===========================================================================
report_checks --slack_max -0.01
============================================================================
======================= nom_tt_025C_1v80 Corner ===================================

No paths found.


===========================================================================
 report_check_types -max_slew -max_cap -max_fanout -violators
============================================================================
======================= nom_tt_025C_1v80 Corner ===================================



===========================================================================
report_parasitic_annotation -report_unannotated
============================================================================
Found 1 unannotated drivers.
 clkload0/X
Found 0 partially unannotated drivers.

===========================================================================
max slew violation count 0
Writing metric design__max_slew_violation__count__corner:nom_tt_025C_1v80: 0
max fanout violation count 0
Writing metric design__max_fanout_violation__count__corner:nom_tt_025C_1v80: 0
max cap violation count 0
Writing metric design__max_cap_violation__count__corner:nom_tt_025C_1v80: 0
============================================================================

===========================================================================
check_setup -verbose -unconstrained_endpoints -multiple_clock -no_clock -no_input_delay -loops -generated_clocks
===========================================================================
