
===========================================================================
 report_power
============================================================================
======================= min_ff_n40C_1v95 Corner ===================================

Group                    Internal    Switching      Leakage        Total
                            Power        Power        Power        Power (Watts)
------------------------------------------------------------------------
Sequential           5.693348e-06 0.000000e+00 3.966309e-11 5.693387e-06  15.9%
Combinational        1.947303e-07 2.193481e-07 2.529810e-10 4.143314e-07   1.2%
Clock                2.532953e-05 4.417772e-06 3.745721e-10 2.974768e-05  83.0%
Macro                0.000000e+00 0.000000e+00 0.000000e+00 0.000000e+00   0.0%
Pad                  0.000000e+00 0.000000e+00 0.000000e+00 0.000000e+00   0.0%
------------------------------------------------------------------------
Total                3.121761e-05 4.637121e-06 6.672163e-10 3.585540e-05 100.0%
                            87.1%        12.9%         0.0%

