
===========================================================================
 report_power
============================================================================
======================= nom_tt_025C_1v80 Corner ===================================

Group                    Internal    Switching      Leakage        Total
                            Power        Power        Power        Power (Watts)
------------------------------------------------------------------------
Sequential           3.266491e-06 0.000000e+00 2.137370e-11 3.266512e-06  97.6%
Combinational        3.147223e-08 4.935985e-08 8.574579e-11 8.091783e-08   2.4%
Clock                0.000000e+00 0.000000e+00 6.480075e-11 6.480075e-11   0.0%
Macro                0.000000e+00 0.000000e+00 0.000000e+00 0.000000e+00   0.0%
Pad                  0.000000e+00 0.000000e+00 0.000000e+00 0.000000e+00   0.0%
------------------------------------------------------------------------
Total                3.297963e-06 4.935985e-08 1.719202e-10 3.347495e-06 100.0%
                            98.5%         1.5%         0.0%
Writing metric power__internal__total: 3.2979630759655265e-6
Writing metric power__switching__total: 4.9359851317376524e-8
Writing metric power__leakage__total: 1.719201725425279e-10
Writing metric power__total: 3.3474948395451065e-6

