
===========================================================================
report_checks -path_delay min (Hold)
============================================================================
======================= min_ss_100C_1v60 Corner ===================================

Startpoint: A[2] (input port clocked by clk)
Endpoint: result[2] (output port clocked by clk)
Path Group: clk
Path Type: min

Fanout         Cap        Slew       Delay        Time   Description
---------------------------------------------------------------------------------------------
                      0.000000    0.000000    0.000000   clock clk (rise edge)
                                  0.000000    0.000000   clock network delay (ideal)
                                  5.000000    5.000000 v input external delay
     1    0.002822    0.018542    0.009286    5.009286 v A[2] (in)
                                                         A[2] (net)
                      0.018542    0.000000    5.009286 v input3/A (sky130_fd_sc_hd__buf_1)
     3    0.011179    0.136897    0.208210    5.217496 v input3/X (sky130_fd_sc_hd__buf_1)
                                                         net3 (net)
                      0.136897    0.000129    5.217625 v _62_/A (sky130_fd_sc_hd__inv_2)
     1    0.004022    0.054782    0.098737    5.316362 ^ _62_/Y (sky130_fd_sc_hd__inv_2)
                                                         _22_ (net)
                      0.054782    0.000054    5.316416 ^ _67_/A1 (sky130_fd_sc_hd__a211o_1)
     2    0.005203    0.089396    0.241838    5.558254 ^ _67_/X (sky130_fd_sc_hd__a211o_1)
                                                         net15 (net)
                      0.089396    0.000015    5.558269 ^ output15/A (sky130_fd_sc_hd__buf_2)
     1    0.034229    0.271792    0.352602    5.910871 ^ output15/X (sky130_fd_sc_hd__buf_2)
                                                         result[2] (net)
                      0.271792    0.000227    5.911098 ^ result[2] (out)
                                              5.911098   data arrival time

                      0.000000    0.000000    0.000000   clock clk (rise edge)
                                  0.000000    0.000000   clock network delay (ideal)
                                  0.250000    0.250000   clock uncertainty
                                  0.000000    0.250000   clock reconvergence pessimism
                                 -5.000000   -4.750000   output external delay
                                             -4.750000   data required time
---------------------------------------------------------------------------------------------
                                             -4.750000   data required time
                                             -5.911098   data arrival time
---------------------------------------------------------------------------------------------
                                             10.661098   slack (MET)


Startpoint: A[2] (input port clocked by clk)
Endpoint: ZF (output port clocked by clk)
Path Group: clk
Path Type: min

Fanout         Cap        Slew       Delay        Time   Description
---------------------------------------------------------------------------------------------
                      0.000000    0.000000    0.000000   clock clk (rise edge)
                                  0.000000    0.000000   clock network delay (ideal)
                                  5.000000    5.000000 v input external delay
     1    0.002822    0.018542    0.009286    5.009286 v A[2] (in)
                                                         A[2] (net)
                      0.018542    0.000000    5.009286 v input3/A (sky130_fd_sc_hd__buf_1)
     3    0.011179    0.136897    0.208210    5.217496 v input3/X (sky130_fd_sc_hd__buf_1)
                                                         net3 (net)
                      0.136897    0.000129    5.217625 v _62_/A (sky130_fd_sc_hd__inv_2)
     1    0.004022    0.054782    0.098737    5.316362 ^ _62_/Y (sky130_fd_sc_hd__inv_2)
                                                         _22_ (net)
                      0.054782    0.000054    5.316416 ^ _67_/A1 (sky130_fd_sc_hd__a211o_1)
     2    0.005203    0.089396    0.241838    5.558254 ^ _67_/X (sky130_fd_sc_hd__a211o_1)
                                                         net15 (net)
                      0.089396    0.000040    5.558293 ^ _83_/C (sky130_fd_sc_hd__nor4_1)
     1    0.001847    0.044366    0.084436    5.642730 v _83_/Y (sky130_fd_sc_hd__nor4_1)
                                                         net12 (net)
                      0.044366    0.000016    5.642745 v output12/A (sky130_fd_sc_hd__buf_2)
     1    0.034568    0.167121    0.334018    5.976763 v output12/X (sky130_fd_sc_hd__buf_2)
                                                         ZF (net)
                      0.167121    0.000323    5.977087 v ZF (out)
                                              5.977087   data arrival time

                      0.000000    0.000000    0.000000   clock clk (rise edge)
                                  0.000000    0.000000   clock network delay (ideal)
                                  0.250000    0.250000   clock uncertainty
                                  0.000000    0.250000   clock reconvergence pessimism
                                 -5.000000   -4.750000   output external delay
                                             -4.750000   data required time
---------------------------------------------------------------------------------------------
                                             -4.750000   data required time
                                             -5.977087   data arrival time
---------------------------------------------------------------------------------------------
                                             10.727087   slack (MET)


Startpoint: A[6] (input port clocked by clk)
Endpoint: result[6] (output port clocked by clk)
Path Group: clk
Path Type: min

Fanout         Cap        Slew       Delay        Time   Description
---------------------------------------------------------------------------------------------
                      0.000000    0.000000    0.000000   clock clk (rise edge)
                                  0.000000    0.000000   clock network delay (ideal)
                                  5.000000    5.000000 ^ input external delay
     1    0.003929    0.039836    0.021719    5.021719 ^ A[6] (in)
                                                         A[6] (net)
                      0.039836    0.000000    5.021719 ^ input7/A (sky130_fd_sc_hd__clkbuf_2)
     7    0.022199    0.196936    0.271111    5.292830 ^ input7/X (sky130_fd_sc_hd__clkbuf_2)
                                                         net7 (net)
                      0.196936    0.000216    5.293046 ^ _78_/S (sky130_fd_sc_hd__mux2_1)
     1    0.005263    0.102080    0.319979    5.613025 ^ _78_/X (sky130_fd_sc_hd__mux2_1)
                                                         _34_ (net)
                      0.102080    0.000055    5.613080 ^ _79_/A (sky130_fd_sc_hd__inv_2)
     1    0.001764    0.025477    0.059156    5.672236 v _79_/Y (sky130_fd_sc_hd__inv_2)
                                                         net19 (net)
                      0.025477    0.000007    5.672242 v output19/A (sky130_fd_sc_hd__buf_2)
     1    0.034417    0.166578    0.324913    5.997155 v output19/X (sky130_fd_sc_hd__buf_2)
                                                         result[6] (net)
                      0.166578    0.000395    5.997550 v result[6] (out)
                                              5.997550   data arrival time

                      0.000000    0.000000    0.000000   clock clk (rise edge)
                                  0.000000    0.000000   clock network delay (ideal)
                                  0.250000    0.250000   clock uncertainty
                                  0.000000    0.250000   clock reconvergence pessimism
                                 -5.000000   -4.750000   output external delay
                                             -4.750000   data required time
---------------------------------------------------------------------------------------------
                                             -4.750000   data required time
                                             -5.997550   data arrival time
---------------------------------------------------------------------------------------------
                                             10.747551   slack (MET)


Startpoint: A[5] (input port clocked by clk)
Endpoint: result[5] (output port clocked by clk)
Path Group: clk
Path Type: min

Fanout         Cap        Slew       Delay        Time   Description
---------------------------------------------------------------------------------------------
                      0.000000    0.000000    0.000000   clock clk (rise edge)
                                  0.000000    0.000000   clock network delay (ideal)
                                  5.000000    5.000000 v input external delay
     1    0.004159    0.023766    0.013497    5.013497 v A[5] (in)
                                                         A[5] (net)
                      0.023766    0.000000    5.013497 v input6/A (sky130_fd_sc_hd__clkbuf_2)
     7    0.022034    0.160820    0.256273    5.269770 v input6/X (sky130_fd_sc_hd__clkbuf_2)
                                                         net6 (net)
                      0.160820    0.000130    5.269899 v _76_/A (sky130_fd_sc_hd__nor2_1)
     1    0.003401    0.150806    0.213885    5.483784 ^ _76_/Y (sky130_fd_sc_hd__nor2_1)
                                                         _33_ (net)
                      0.150806    0.000038    5.483822 ^ _77_/B1 (sky130_fd_sc_hd__a31o_1)
     1    0.003271    0.077423    0.200957    5.684780 ^ _77_/X (sky130_fd_sc_hd__a31o_1)
                                                         net18 (net)
                      0.077423    0.000044    5.684824 ^ output18/A (sky130_fd_sc_hd__buf_2)
     1    0.033980    0.269910    0.345730    6.030553 ^ output18/X (sky130_fd_sc_hd__buf_2)
                                                         result[5] (net)
                      0.269910    0.000166    6.030719 ^ result[5] (out)
                                              6.030719   data arrival time

                      0.000000    0.000000    0.000000   clock clk (rise edge)
                                  0.000000    0.000000   clock network delay (ideal)
                                  0.250000    0.250000   clock uncertainty
                                  0.000000    0.250000   clock reconvergence pessimism
                                 -5.000000   -4.750000   output external delay
                                             -4.750000   data required time
---------------------------------------------------------------------------------------------
                                             -4.750000   data required time
                                             -6.030719   data arrival time
---------------------------------------------------------------------------------------------
                                             10.780719   slack (MET)


Startpoint: A[0] (input port clocked by clk)
Endpoint: result[0] (output port clocked by clk)
Path Group: clk
Path Type: min

Fanout         Cap        Slew       Delay        Time   Description
---------------------------------------------------------------------------------------------
                      0.000000    0.000000    0.000000   clock clk (rise edge)
                                  0.000000    0.000000   clock network delay (ideal)
                                  5.000000    5.000000 ^ input external delay
     1    0.003075    0.034073    0.017229    5.017229 ^ A[0] (in)
                                                         A[0] (net)
                      0.034073    0.000000    5.017229 ^ input1/A (sky130_fd_sc_hd__clkbuf_1)
     1    0.004562    0.103101    0.157665    5.174894 ^ input1/X (sky130_fd_sc_hd__clkbuf_1)
                                                         net1 (net)
                      0.103101    0.000060    5.174953 ^ _51_/S (sky130_fd_sc_hd__mux2_1)
     1    0.002882    0.073121    0.256494    5.431448 ^ _51_/X (sky130_fd_sc_hd__mux2_1)
                                                         _13_ (net)
                      0.073121    0.000026    5.431474 ^ _52_/B1 (sky130_fd_sc_hd__o21a_1)
     2    0.005298    0.102436    0.246605    5.678079 ^ _52_/X (sky130_fd_sc_hd__o21a_1)
                                                         net13 (net)
                      0.102436    0.000028    5.678106 ^ output13/A (sky130_fd_sc_hd__buf_2)
     1    0.034325    0.272540    0.359214    6.037320 ^ output13/X (sky130_fd_sc_hd__buf_2)
                                                         result[0] (net)
                      0.272540    0.000253    6.037573 ^ result[0] (out)
                                              6.037573   data arrival time

                      0.000000    0.000000    0.000000   clock clk (rise edge)
                                  0.000000    0.000000   clock network delay (ideal)
                                  0.250000    0.250000   clock uncertainty
                                  0.000000    0.250000   clock reconvergence pessimism
                                 -5.000000   -4.750000   output external delay
                                             -4.750000   data required time
---------------------------------------------------------------------------------------------
                                             -4.750000   data required time
                                             -6.037573   data arrival time
---------------------------------------------------------------------------------------------
                                             10.787573   slack (MET)


Startpoint: A[5] (input port clocked by clk)
Endpoint: result[4] (output port clocked by clk)
Path Group: clk
Path Type: min

Fanout         Cap        Slew       Delay        Time   Description
---------------------------------------------------------------------------------------------
                      0.000000    0.000000    0.000000   clock clk (rise edge)
                                  0.000000    0.000000   clock network delay (ideal)
                                  5.000000    5.000000 ^ input external delay
     1    0.004344    0.042675    0.023920    5.023920 ^ A[5] (in)
                                                         A[5] (net)
                      0.042675    0.000000    5.023920 ^ input6/A (sky130_fd_sc_hd__clkbuf_2)
     7    0.023191    0.204940    0.278011    5.301931 ^ input6/X (sky130_fd_sc_hd__clkbuf_2)
                                                         net6 (net)
                      0.204940    0.000181    5.302112 ^ _72_/A2 (sky130_fd_sc_hd__o21a_1)
     1    0.001835    0.058346    0.240685    5.542797 ^ _72_/X (sky130_fd_sc_hd__o21a_1)
                                                         _30_ (net)
                      0.058346    0.000009    5.542806 ^ _73_/B2 (sky130_fd_sc_hd__a2bb2o_1)
     2    0.004835    0.101057    0.248154    5.790960 ^ _73_/X (sky130_fd_sc_hd__a2bb2o_1)
                                                         net17 (net)
                      0.101057    0.000027    5.790987 ^ output17/A (sky130_fd_sc_hd__buf_2)
     1    0.034158    0.271279    0.357726    6.148713 ^ output17/X (sky130_fd_sc_hd__buf_2)
                                                         result[4] (net)
                      0.271279    0.000184    6.148897 ^ result[4] (out)
                                              6.148897   data arrival time

                      0.000000    0.000000    0.000000   clock clk (rise edge)
                                  0.000000    0.000000   clock network delay (ideal)
                                  0.250000    0.250000   clock uncertainty
                                  0.000000    0.250000   clock reconvergence pessimism
                                 -5.000000   -4.750000   output external delay
                                             -4.750000   data required time
---------------------------------------------------------------------------------------------
                                             -4.750000   data required time
                                             -6.148897   data arrival time
---------------------------------------------------------------------------------------------
                                             10.898897   slack (MET)


Startpoint: A[3] (input port clocked by clk)
Endpoint: result[3] (output port clocked by clk)
Path Group: clk
Path Type: min

Fanout         Cap        Slew       Delay        Time   Description
---------------------------------------------------------------------------------------------
                      0.000000    0.000000    0.000000   clock clk (rise edge)
                                  0.000000    0.000000   clock network delay (ideal)
                                  5.000000    5.000000 v input external delay
     1    0.002512    0.017370    0.008306    5.008306 v A[3] (in)
                                                         A[3] (net)
                      0.017370    0.000000    5.008306 v input4/A (sky130_fd_sc_hd__buf_1)
     5    0.014579    0.173043    0.234807    5.243113 v input4/X (sky130_fd_sc_hd__buf_1)
                                                         net4 (net)
                      0.173043    0.000064    5.243176 v _69_/A1_N (sky130_fd_sc_hd__a2bb2o_1)
     2    0.004528    0.093335    0.567951    5.811127 ^ _69_/X (sky130_fd_sc_hd__a2bb2o_1)
                                                         net16 (net)
                      0.093335    0.000046    5.811172 ^ output16/A (sky130_fd_sc_hd__buf_2)
     1    0.034985    0.277434    0.358398    6.169571 ^ output16/X (sky130_fd_sc_hd__buf_2)
                                                         result[3] (net)
                      0.277434    0.000318    6.169889 ^ result[3] (out)
                                              6.169889   data arrival time

                      0.000000    0.000000    0.000000   clock clk (rise edge)
                                  0.000000    0.000000   clock network delay (ideal)
                                  0.250000    0.250000   clock uncertainty
                                  0.000000    0.250000   clock reconvergence pessimism
                                 -5.000000   -4.750000   output external delay
                                             -4.750000   data required time
---------------------------------------------------------------------------------------------
                                             -4.750000   data required time
                                             -6.169889   data arrival time
---------------------------------------------------------------------------------------------
                                             10.919889   slack (MET)


Startpoint: A[1] (input port clocked by clk)
Endpoint: result[1] (output port clocked by clk)
Path Group: clk
Path Type: min

Fanout         Cap        Slew       Delay        Time   Description
---------------------------------------------------------------------------------------------
                      0.000000    0.000000    0.000000   clock clk (rise edge)
                                  0.000000    0.000000   clock network delay (ideal)
                                  5.000000    5.000000 ^ input external delay
     1    0.003393    0.036205    0.018902    5.018902 ^ A[1] (in)
                                                         A[1] (net)
                      0.036205    0.000000    5.018902 ^ input2/A (sky130_fd_sc_hd__clkbuf_1)
     2    0.007341    0.152969    0.194582    5.213484 ^ input2/X (sky130_fd_sc_hd__clkbuf_1)
                                                         net2 (net)
                      0.152969    0.000114    5.213598 ^ _57_/S (sky130_fd_sc_hd__mux2_1)
     1    0.002989    0.074419    0.276742    5.490340 ^ _57_/X (sky130_fd_sc_hd__mux2_1)
                                                         _18_ (net)
                      0.074419    0.000028    5.490367 ^ _61_/B1 (sky130_fd_sc_hd__o211a_1)
     2    0.004934    0.101785    0.324294    5.814662 ^ _61_/X (sky130_fd_sc_hd__o211a_1)
                                                         net14 (net)
                      0.101785    0.000030    5.814692 ^ output14/A (sky130_fd_sc_hd__buf_2)
     1    0.034272    0.272137    0.358642    6.173334 ^ output14/X (sky130_fd_sc_hd__buf_2)
                                                         result[1] (net)
                      0.272137    0.000228    6.173562 ^ result[1] (out)
                                              6.173562   data arrival time

                      0.000000    0.000000    0.000000   clock clk (rise edge)
                                  0.000000    0.000000   clock network delay (ideal)
                                  0.250000    0.250000   clock uncertainty
                                  0.000000    0.250000   clock reconvergence pessimism
                                 -5.000000   -4.750000   output external delay
                                             -4.750000   data required time
---------------------------------------------------------------------------------------------
                                             -4.750000   data required time
                                             -6.173562   data arrival time
---------------------------------------------------------------------------------------------
                                             10.923562   slack (MET)



