Clock: clk
Sources: clk 
Generated: no
Virtual: yes
Propagated: no
Period: 25.000000

===========================================================================
report_clock_properties
============================================================================
Clock                   Period          Waveform
----------------------------------------------------
clk                  25.000000    0.000000 12.500000

===========================================================================
report_clock_latency
============================================================================
Clock clk
rise -> rise
    min     max
0.000000 0.000000 source latency
0.267756         network latency _26_/CLK
        0.269143 network latency _27_/CLK
---------------
0.267756 0.269143 latency
        0.001388 skew

fall -> fall
    min     max
0.000000 0.000000 source latency
0.276429         network latency _26_/CLK
        0.277606 network latency _27_/CLK
---------------
0.276429 0.277606 latency
        0.001178 skew



===========================================================================
report_clock_min_period
============================================================================
clk period_min = 1.43 fmax = 698.88
