
===========================================================================
report_checks -unconstrained
===========================================================================
======================= nom_tt_025C_1v80 Corner ===================================

Startpoint: B[0] (input port clocked by clk)
Endpoint: ZF (output port clocked by clk)
Path Group: clk
Path Type: max

Fanout         Cap        Slew       Delay        Time   Description
---------------------------------------------------------------------------------------------
                      0.000000    0.000000    0.000000   clock clk (rise edge)
                                  0.000000    0.000000   clock network delay (ideal)
                                  5.000000    5.000000 ^ input external delay
     1    0.003617    0.023274    0.013189    5.013189 ^ B[0] (in)
                                                         B[0] (net)
                      0.023282    0.000000    5.013189 ^ input8/A (sky130_fd_sc_hd__buf_1)
     3    0.013123    0.160120    0.154618    5.167807 ^ input8/X (sky130_fd_sc_hd__buf_1)
                                                         net8 (net)
                      0.160120    0.000210    5.168016 ^ fanout20/A (sky130_fd_sc_hd__buf_2)
    10    0.033483    0.167102    0.233786    5.401803 ^ fanout20/X (sky130_fd_sc_hd__buf_2)
                                                         net20 (net)
                      0.167116    0.001618    5.403421 ^ _68_/S0 (sky130_fd_sc_hd__mux4_1)
     1    0.002383    0.081448    0.558258    5.961679 v _68_/X (sky130_fd_sc_hd__mux4_1)
                                                         _27_ (net)
                      0.081448    0.000067    5.961746 v _69_/B2 (sky130_fd_sc_hd__a2bb2o_1)
     2    0.004485    0.058528    0.264113    6.225859 v _69_/X (sky130_fd_sc_hd__a2bb2o_1)
                                                         net16 (net)
                      0.058528    0.000097    6.225956 v _82_/A (sky130_fd_sc_hd__or4_1)
     1    0.007318    0.112427    0.558690    6.784646 v _82_/X (sky130_fd_sc_hd__or4_1)
                                                         _37_ (net)
                      0.112427    0.000301    6.784947 v _83_/D (sky130_fd_sc_hd__nor4_1)
     1    0.002052    0.190970    0.161397    6.946344 ^ _83_/Y (sky130_fd_sc_hd__nor4_1)
                                                         net12 (net)
                      0.190970    0.000058    6.946402 ^ output12/A (sky130_fd_sc_hd__buf_2)
     1    0.034695    0.172693    0.246467    7.192869 ^ output12/X (sky130_fd_sc_hd__buf_2)
                                                         ZF (net)
                      0.172694    0.000810    7.193679 ^ ZF (out)
                                              7.193679   data arrival time

                      0.000000   25.000000   25.000000   clock clk (rise edge)
                                  0.000000   25.000000   clock network delay (ideal)
                                 -0.250000   24.750000   clock uncertainty
                                  0.000000   24.750000   clock reconvergence pessimism
                                 -5.000000   19.750000   output external delay
                                             19.750000   data required time
---------------------------------------------------------------------------------------------
                                             19.750000   data required time
                                             -7.193679   data arrival time
---------------------------------------------------------------------------------------------
                                             12.556321   slack (MET)




===========================================================================
report_checks --slack_max -0.01
============================================================================
======================= nom_tt_025C_1v80 Corner ===================================

No paths found.


===========================================================================
 report_check_types -max_slew -max_cap -max_fanout -violators
============================================================================
======================= nom_tt_025C_1v80 Corner ===================================



===========================================================================
report_parasitic_annotation -report_unannotated
============================================================================
Found 4 unannotated drivers.
 B[3]
 B[4]
 B[5]
 B[6]
Found 0 partially unannotated drivers.

===========================================================================
max slew violation count 0
max fanout violation count 0
max cap violation count 0
============================================================================

===========================================================================
check_setup -verbose -unconstrained_endpoints -multiple_clock -no_clock -no_input_delay -loops -generated_clocks
===========================================================================
