
===========================================================================
report_checks -unconstrained
===========================================================================
======================= nom_tt_025C_1v80 Corner ===================================

Startpoint: reset (input port clocked by clk)
Endpoint: _14_ (recovery check against rising-edge clock clk)
Path Group: asynchronous
Path Type: max

Fanout         Cap        Slew       Delay        Time   Description
---------------------------------------------------------------------------------------------
                                  0.000000    0.000000   clock clk (rise edge)
                                  0.000000    0.000000   clock network delay (propagated)
                                  5.000000    5.000000 v input external delay
     1    0.002500    0.007938    0.003905    5.003905 v reset (in)
                                                         reset (net)
                      0.007938    0.000000    5.003905 v input1/A (sky130_fd_sc_hd__buf_1)
     2    0.009444    0.061357    0.102358    5.106264 v input1/X (sky130_fd_sc_hd__buf_1)
                                                         net1 (net)
                      0.061357    0.000039    5.106303 v _12_/A (sky130_fd_sc_hd__inv_2)
     1    0.004517    0.031246    0.052859    5.159161 ^ _12_/Y (sky130_fd_sc_hd__inv_2)
                                                         _00_ (net)
                      0.031246    0.000021    5.159183 ^ _14_/RESET_B (sky130_fd_sc_hd__dfrtp_4)
                                              5.159183   data arrival time

                                 25.000000   25.000000   clock clk (rise edge)
                                  0.000000   25.000000   clock source latency
     1    0.010578    0.053985    0.035874   25.035873 ^ clk (in)
                                                         clk (net)
                      0.053985    0.000000   25.035873 ^ clkbuf_0_clk/A (sky130_fd_sc_hd__clkbuf_16)
     2    0.017204    0.039465    0.126063   25.161936 ^ clkbuf_0_clk/X (sky130_fd_sc_hd__clkbuf_16)
                                                         clknet_0_clk (net)
                      0.039465    0.000041   25.161976 ^ clkbuf_1_0__f_clk/A (sky130_fd_sc_hd__clkbuf_16)
     1    0.002514    0.026425    0.105540   25.267517 ^ clkbuf_1_0__f_clk/X (sky130_fd_sc_hd__clkbuf_16)
                                                         clknet_1_0__leaf_clk (net)
                      0.026425    0.000009   25.267527 ^ _14_/CLK (sky130_fd_sc_hd__dfrtp_4)
                                 -0.250000   25.017527   clock uncertainty
                                  0.000000   25.017527   clock reconvergence pessimism
                                  0.215889   25.233416   library recovery time
                                             25.233416   data required time
---------------------------------------------------------------------------------------------
                                             25.233416   data required time
                                             -5.159183   data arrival time
---------------------------------------------------------------------------------------------
                                             20.074232   slack (MET)


Startpoint: _14_ (rising edge-triggered flip-flop clocked by clk)
Endpoint: result[1] (output port clocked by clk)
Path Group: clk
Path Type: max

Fanout         Cap        Slew       Delay        Time   Description
---------------------------------------------------------------------------------------------
                                  0.000000    0.000000   clock clk (rise edge)
                                  0.000000    0.000000   clock source latency
     1    0.010578    0.053985    0.035873    0.035873 ^ clk (in)
                                                         clk (net)
                      0.053985    0.000000    0.035873 ^ clkbuf_0_clk/A (sky130_fd_sc_hd__clkbuf_16)
     2    0.017204    0.039465    0.126063    0.161936 ^ clkbuf_0_clk/X (sky130_fd_sc_hd__clkbuf_16)
                                                         clknet_0_clk (net)
                      0.039465    0.000041    0.161977 ^ clkbuf_1_0__f_clk/A (sky130_fd_sc_hd__clkbuf_16)
     1    0.002514    0.026425    0.105541    0.267518 ^ clkbuf_1_0__f_clk/X (sky130_fd_sc_hd__clkbuf_16)
                                                         clknet_1_0__leaf_clk (net)
                      0.026425    0.000008    0.267526 ^ _14_/CLK (sky130_fd_sc_hd__dfrtp_4)
     5    0.015765    0.074630    0.483608    0.751134 v _14_/Q (sky130_fd_sc_hd__dfrtp_4)
                                                         controller_inst.pstate[0] (net)
                      0.074630    0.000040    0.751174 v _05_/A_N (sky130_fd_sc_hd__nand2b_1)
     1    0.003383    0.045359    0.152721    0.903896 v _05_/Y (sky130_fd_sc_hd__nand2b_1)
                                                         _02_ (net)
                      0.045359    0.000022    0.903917 v _06_/A (sky130_fd_sc_hd__clkbuf_1)
     2    0.005036    0.039312    0.098239    1.002157 v _06_/X (sky130_fd_sc_hd__clkbuf_1)
                                                         net6 (net)
                      0.039312    0.000011    1.002168 v _19_/A (sky130_fd_sc_hd__clkbuf_1)
     1    0.001691    0.021605    0.078748    1.080916 v _19_/X (sky130_fd_sc_hd__clkbuf_1)
                                                         net3 (net)
                      0.021605    0.000000    1.080916 v output3/A (sky130_fd_sc_hd__buf_2)
     1    0.034645    0.090266    0.171120    1.252036 v output3/X (sky130_fd_sc_hd__buf_2)
                                                         result[1] (net)
                      0.090266    0.000219    1.252255 v result[1] (out)
                                              1.252255   data arrival time

                                 25.000000   25.000000   clock clk (rise edge)
                                  0.000000   25.000000   clock network delay (propagated)
                                 -0.250000   24.750000   clock uncertainty
                                  0.000000   24.750000   clock reconvergence pessimism
                                 -5.000000   19.750000   output external delay
                                             19.750000   data required time
---------------------------------------------------------------------------------------------
                                             19.750000   data required time
                                             -1.252255   data arrival time
---------------------------------------------------------------------------------------------
                                             18.497744   slack (MET)




===========================================================================
report_checks --slack_max -0.01
============================================================================
======================= nom_tt_025C_1v80 Corner ===================================

No paths found.


===========================================================================
 report_check_types -max_slew -max_cap -max_fanout -violators
============================================================================
======================= nom_tt_025C_1v80 Corner ===================================



===========================================================================
report_parasitic_annotation -report_unannotated
============================================================================
Found 2 unannotated drivers.
 top_8/LO
 top_9/LO
Found 0 partially unannotated drivers.

===========================================================================
max slew violation count 0
Writing metric design__max_slew_violation__count__corner:nom_tt_025C_1v80: 0
max fanout violation count 0
Writing metric design__max_fanout_violation__count__corner:nom_tt_025C_1v80: 0
max cap violation count 0
Writing metric design__max_cap_violation__count__corner:nom_tt_025C_1v80: 0
============================================================================

===========================================================================
check_setup -verbose -unconstrained_endpoints -multiple_clock -no_clock -no_input_delay -loops -generated_clocks
===========================================================================
Warning: There are 2 unconstrained endpoints.
  flag_gt_zero
  result[3]
