Clock: clk
Sources: clk 
Generated: no
Virtual: yes
Propagated: no
Period: 25.000000

===========================================================================
report_clock_properties
============================================================================
Clock                   Period          Waveform
----------------------------------------------------
clk                  25.000000    0.000000 12.500000

===========================================================================
report_clock_latency
============================================================================
Clock clk
rise -> rise
    min     max
0.000000 0.000000 source latency
0.267234         network latency _15_/CLK
        0.267526 network latency _14_/CLK
---------------
0.267234 0.267526 latency
        0.000292 skew

fall -> fall
    min     max
0.000000 0.000000 source latency
0.274588         network latency _15_/CLK
        0.274851 network latency _14_/CLK
---------------
0.274588 0.274851 latency
        0.000263 skew



===========================================================================
report_clock_min_period
============================================================================
clk period_min = 1.62 fmax = 618.60
