
===========================================================================
 report_power
============================================================================
======================= nom_tt_025C_1v80 Corner ===================================

Group                    Internal    Switching      Leakage        Total
                            Power        Power        Power        Power (Watts)
------------------------------------------------------------------------
Sequential           0.000000e+00 0.000000e+00 0.000000e+00 0.000000e+00   0.0%
Combinational        4.091951e-06 5.694757e-06 2.711749e-10 9.786978e-06 100.0%
Clock                0.000000e+00 0.000000e+00 6.480075e-11 6.480075e-11   0.0%
Macro                0.000000e+00 0.000000e+00 0.000000e+00 0.000000e+00   0.0%
Pad                  0.000000e+00 0.000000e+00 0.000000e+00 0.000000e+00   0.0%
------------------------------------------------------------------------
Total                4.091951e-06 5.694757e-06 3.359757e-10 9.787042e-06 100.0%
                            41.8%        58.2%         0.0%
Writing metric power__internal__total: 4.091950813744916e-6
Writing metric power__switching__total: 5.694756509910803e-6
Writing metric power__leakage__total: 3.3597569171206487e-10
Writing metric power__total: 9.787042472453322e-6

