
===========================================================================
report_checks -unconstrained
===========================================================================
======================= nom_ss_100C_1v60 Corner ===================================

Startpoint: reset (input port clocked by clk)
Endpoint: _14_ (recovery check against rising-edge clock clk)
Path Group: asynchronous
Path Type: max

Fanout         Cap        Slew       Delay        Time   Description
---------------------------------------------------------------------------------------------
                                  0.000000    0.000000   clock clk (rise edge)
                                  0.000000    0.000000   clock network delay (propagated)
                                  5.000000    5.000000 v input external delay
     1    0.002543    0.017488    0.008424    5.008424 v reset (in)
                                                         reset (net)
                      0.017488    0.000000    5.008424 v input1/A (sky130_fd_sc_hd__buf_1)
     2    0.010344    0.128552    0.200746    5.209170 v input1/X (sky130_fd_sc_hd__buf_1)
                                                         net1 (net)
                      0.128552    0.000297    5.209467 v _12_/A (sky130_fd_sc_hd__inv_2)
     1    0.004424    0.055431    0.098262    5.307729 ^ _12_/Y (sky130_fd_sc_hd__inv_2)
                                                         _00_ (net)
                      0.055431    0.000108    5.307837 ^ _14_/RESET_B (sky130_fd_sc_hd__dfrtp_4)
                                              5.307837   data arrival time

                                 25.000000   25.000000   clock clk (rise edge)
                                  0.000000   25.000000   clock source latency
     1    0.011435    0.090944    0.059551   25.059549 ^ clk (in)
                                                         clk (net)
                      0.090945    0.000000   25.059549 ^ clkbuf_0_clk/A (sky130_fd_sc_hd__clkbuf_16)
     2    0.018369    0.065396    0.228745   25.288296 ^ clkbuf_0_clk/X (sky130_fd_sc_hd__clkbuf_16)
                                                         clknet_0_clk (net)
                      0.065396    0.000430   25.288725 ^ clkbuf_1_0__f_clk/A (sky130_fd_sc_hd__clkbuf_16)
     1    0.002986    0.044969    0.192221   25.480946 ^ clkbuf_1_0__f_clk/X (sky130_fd_sc_hd__clkbuf_16)
                                                         clknet_1_0__leaf_clk (net)
                      0.044969    0.000085   25.481031 ^ _14_/CLK (sky130_fd_sc_hd__dfrtp_4)
                                 -0.250000   25.231031   clock uncertainty
                                  0.000000   25.231031   clock reconvergence pessimism
                                  0.442369   25.673403   library recovery time
                                             25.673403   data required time
---------------------------------------------------------------------------------------------
                                             25.673403   data required time
                                             -5.307837   data arrival time
---------------------------------------------------------------------------------------------
                                             20.365564   slack (MET)


Startpoint: _14_ (rising edge-triggered flip-flop clocked by clk)
Endpoint: result[1] (output port clocked by clk)
Path Group: clk
Path Type: max

Fanout         Cap        Slew       Delay        Time   Description
---------------------------------------------------------------------------------------------
                                  0.000000    0.000000   clock clk (rise edge)
                                  0.000000    0.000000   clock source latency
     1    0.011435    0.090944    0.059550    0.059550 ^ clk (in)
                                                         clk (net)
                      0.090945    0.000000    0.059550 ^ clkbuf_0_clk/A (sky130_fd_sc_hd__clkbuf_16)
     2    0.018369    0.065396    0.228746    0.288296 ^ clkbuf_0_clk/X (sky130_fd_sc_hd__clkbuf_16)
                                                         clknet_0_clk (net)
                      0.065396    0.000430    0.288726 ^ clkbuf_1_0__f_clk/A (sky130_fd_sc_hd__clkbuf_16)
     1    0.002986    0.044969    0.192221    0.480947 ^ clkbuf_1_0__f_clk/X (sky130_fd_sc_hd__clkbuf_16)
                                                         clknet_1_0__leaf_clk (net)
                      0.044969    0.000084    0.481032 ^ _14_/CLK (sky130_fd_sc_hd__dfrtp_4)
     5    0.016978    0.143772    1.019722    1.500753 v _14_/Q (sky130_fd_sc_hd__dfrtp_4)
                                                         controller_inst.pstate[0] (net)
                      0.143772    0.000347    1.501101 v _05_/A_N (sky130_fd_sc_hd__nand2b_1)
     1    0.003860    0.104594    0.339732    1.840833 v _05_/Y (sky130_fd_sc_hd__nand2b_1)
                                                         _02_ (net)
                      0.104594    0.000133    1.840966 v _06_/A (sky130_fd_sc_hd__clkbuf_1)
     2    0.005633    0.079051    0.201432    2.042397 v _06_/X (sky130_fd_sc_hd__clkbuf_1)
                                                         net6 (net)
                      0.079051    0.000136    2.042533 v _19_/A (sky130_fd_sc_hd__clkbuf_1)
     1    0.001804    0.040696    0.154514    2.197047 v _19_/X (sky130_fd_sc_hd__clkbuf_1)
                                                         net3 (net)
                      0.040696    0.000035    2.197082 v output3/A (sky130_fd_sc_hd__buf_2)
     1    0.035399    0.170592    0.334604    2.531686 v output3/X (sky130_fd_sc_hd__buf_2)
                                                         result[1] (net)
                      0.170594    0.000877    2.532563 v result[1] (out)
                                              2.532563   data arrival time

                                 25.000000   25.000000   clock clk (rise edge)
                                  0.000000   25.000000   clock network delay (propagated)
                                 -0.250000   24.750000   clock uncertainty
                                  0.000000   24.750000   clock reconvergence pessimism
                                 -5.000000   19.750000   output external delay
                                             19.750000   data required time
---------------------------------------------------------------------------------------------
                                             19.750000   data required time
                                             -2.532563   data arrival time
---------------------------------------------------------------------------------------------
                                             17.217438   slack (MET)




===========================================================================
report_checks --slack_max -0.01
============================================================================
======================= nom_ss_100C_1v60 Corner ===================================

No paths found.


===========================================================================
 report_check_types -max_slew -max_cap -max_fanout -violators
============================================================================
======================= nom_ss_100C_1v60 Corner ===================================



===========================================================================
report_parasitic_annotation -report_unannotated
============================================================================
Found 2 unannotated drivers.
 top_8/LO
 top_9/LO
Found 0 partially unannotated drivers.

===========================================================================
max slew violation count 0
max fanout violation count 0
max cap violation count 0
============================================================================

===========================================================================
check_setup -verbose -unconstrained_endpoints -multiple_clock -no_clock -no_input_delay -loops -generated_clocks
===========================================================================
Warning: There are 2 unconstrained endpoints.
  flag_gt_zero
  result[3]
